TypeError: [TypedArray].prototype.set: The ArrayBuffer is detached.
TypeError: [TypedArray].prototype.set: The ArrayBuffer is detached.
TypeError: [TypedArray]: The ArrayBuffer is detached.
TypeError: [TypedArray]: The ArrayBuffer is detached.
TypeError: [TypedArray].prototype.set: The ArrayBuffer is detached.
TypeError: [TypedArray].prototype.set: The ArrayBuffer is detached.
TypeError: [TypedArray]: The ArrayBuffer is detached.
TypeError: [TypedArray]: The ArrayBuffer is detached.
