int32x4 and
Correct
Correct
Correct
Correct
Correct
Correct
Correct
Correct
Correct
Correct
Correct
Correct
Correct
Correct
Correct
Correct
Correct
Correct
Correct
Correct
int32x4 and
Correct
Correct
Correct
Correct
Correct
Correct
Correct
Correct
Correct
Correct
Correct
Correct
Correct
Correct
Correct
Correct
Correct
Correct
Correct
Correct
int32x4 and
Correct
Correct
Correct
Correct
Correct
Correct
Correct
Correct
Correct
Correct
Correct
Correct
Correct
Correct
Correct
Correct
Correct
Correct
Correct
Correct
int32x4 and
Correct
Correct
Correct
Correct
Correct
Correct
Correct
Correct
Correct
Correct
Correct
Correct
Correct
Correct
Correct
Correct
Correct
Correct
Correct
Correct
int32x4 or
Correct
Correct
Correct
Correct
Correct
Correct
Correct
Correct
int32x4 or
Correct
Correct
Correct
Correct
Correct
Correct
Correct
Correct
int32x4 or
Correct
Correct
Correct
Correct
Correct
Correct
Correct
Correct
int32x4 or
Correct
Correct
Correct
Correct
Correct
Correct
Correct
Correct
Correct
Correct
Correct
Correct
Correct
Correct
Correct
Correct
Correct
Correct
Correct
Correct
Correct
Correct
Correct
Correct
Correct
Correct
Correct
Correct
Correct
Correct
Correct
Correct
Correct
Correct
Correct
Correct
Correct
Correct
Correct
Correct
Correct
Correct
Correct
Correct
Correct
Correct
Correct
Correct
Correct
Correct
Correct
Correct
Correct
Correct
Correct
Correct
