float32x4 Reciprocal
Correct
Correct
Correct
Correct
float32x4 Reciprocal
Correct
Correct
Correct
Correct
float32x4 Reciprocal
Correct
Correct
Correct
Correct
float32x4 Reciprocal
Correct
Correct
Correct
Correct
float32x4 Reciprocal
Correct
Correct
Correct
Correct
float32x4 Reciprocal
Correct
Correct
Correct
Correct
float32x4 Reciprocal
Correct
Correct
Correct
Correct
float32x4 ReciprocalSqrt
Correct
Correct
Correct
Correct
float32x4 ReciprocalSqrt
Correct
Correct
Correct
Correct
float32x4 ReciprocalSqrt
Correct
Correct
Correct
Correct
float32x4 ReciprocalSqrt
Correct
Correct
Correct
Correct
float32x4 ReciprocalSqrt
Correct
Correct
Correct
Correct
float32x4 ReciprocalSqrt
Correct
Correct
Correct
Correct
float32x4 ReciprocalSqrt
Correct
Correct
Correct
Correct
float32x4 ReciprocalSqrt
Correct
Correct
Correct
Correct
