[
  {
    "evaluate": {
      "test10_a": {
        "[0]": "1",
        "__proto__": "[]",
        "length": "2",
        "p": "2"
      }
    }
  },
  {
    "evaluate": {
      "test10_a": {
        "[0]": "1",
        "[1]": "5",
        "__proto__": "[]",
        "length": "2",
        "p": "2"
      }
    }
  }
]