[
  {
    "locals": {
      "this": {
        "[Methods]": "{...}",
        "__proto__": "{...}",
        "Symbol.toStringTag": "global"
      },
      "arguments": {
        "[Methods]": "{...}",
        "__proto__": "{...}",
        "length": "0"
      },
      "a": "0",
      "[Globals]": {
        "detachBasicTest": "<large string>"
      }
    }
  }
]